Símbolo         Valor Decimal   Valor Hexadecimal
-------         -------------   -----------------
_KERNEL                     0                   0
_VETTAB                   256                 100
_RESET                    512                 200
_STACK                  30976                7900
_APP                    32768                8000
_IOAREA16               65408                FF80
_IOAREA08               65472                FFC0
IVET                    65470                FFBE
TIMDT                   65495                FFD7
INTS                    65496                FFD8
INTE                    65497                FFD9
TECST                   65498                FFDA
TECDT                   65499                FFDB
VISOR                   65500                FFDC
CLEARDISPLAY              568                 238
CD_LOOP                   574                 23E
CHECK_RESET               594                 252
RET_CD                    598                 256
DISPLAYVOLUME             601                 259
ISR                       602                 25A
CHECK_TEC                 614                 266
CHECK_TIM                 634                 27A
RETURN_ISR                654                 28E
ISR_TEC                   667                 29B
MAIS_1                    673                 2A1
MENOS_1                   689                 2B1
MAIS_10                   705                 2C1
MENOS_10                  721                 2D1
MAIS_100                  737                 2E1
MENOS_100                 753                 2F1
SALVA_BUFFER              769                 301
PONTE_ISR_TEC             779                 30B
ATUALIZA_VOL              781                 30D
VOLUME_MAX                793                 319
DISPLAY_VOL               807                 327
CLR_TEC                   811                 32B
RET_ISR_TEC               815                 32F
ISR_TIM                   816                 330
KBHIT                     817                 331
RETURN_KBHIT              827                 33B
GETCHAR                   828                 33C
PUTCHAR                   845                 34D
BACKSPACE                 845                 34D
CAR_RET                   865                 361
LINE_FEED                 879                 36F
CHAR_BOUNDS               899                 383
RET_PUTCHAR               933                 3A5
PUTMSG                    934                 3A6
LOOP_MSG                  940                 3AC
RET_PUTMSG                956                 3BC
TIMER                     961                 3C1
VOLUME                    962                 3C2
_PULSE_TIME                10                   A
_RESET_CLEAR                0                   0
_PUTCHAR_CLEAR              1                   1
CURSOR                    967                 3C7
TEC_BUFFER                969                 3C9
VOLUME_AMP                971                 3CB
