Símbolo         Valor Decimal   Valor Hexadecimal
-------         -------------   -----------------
_KERNEL                     0                   0
_VETTAB                   256                 100
_RESET                    512                 200
_STACK                  30976                7900
_APP                    32768                8000
_IOAREA16               65408                FF80
_IOAREA08               65472                FFC0
IVET                    65470                FFBE
TIMDT                   65495                FFD7
INTS                    65496                FFD8
INTE                    65497                FFD9
TECST                   65498                FFDA
TECDT                   65499                FFDB
VISOR                   65500                FFDC
CLEARDISPLAY              562                 232
CD_LOOP                   568                 238
CHECK_PUTCHAR             586                 24A
FIM_CD                    592                 250
ISR                       601                 259
CHECK_TEC                 613                 265
CHECK_TIM                 633                 279
RETURN_ISR                653                 28D
ISR_TEC                   666                 29A
CLR_TEC                   680                 2A8
RET_ISR_TEC               684                 2AC
ISR_TIM                   685                 2AD
KBHIT                     686                 2AE
RETURN_KBHIT              696                 2B8
GETCHAR                   697                 2B9
PUTCHAR                   714                 2CA
PUTMSG                    715                 2CB
TIMER                     716                 2CC
VOLUME                    717                 2CD
_PULSE_TIME                10                   A
_RESET_CLEAR                0                   0
_PUTCHAR_CLEAR              1                   1
CURSOR                    718                 2CE
TEC_BUFFER                720                 2D0
