Símbolo         Valor Decimal   Valor Hexadecimal
-------         -------------   -----------------
_KERNEL                     0                   0
_VETTAB                   256                 100
_RESET                    512                 200
_STACK                  30976                7900
_APP                    32768                8000
_IOAREA16               65408                FF80
_IOAREA08               65472                FFC0
IVET                    65470                FFBE
TIMDT                   65495                FFD7
INTS                    65496                FFD8
INTE                    65497                FFD9
TECST                   65498                FFDA
TECDT                   65499                FFDB
VISOR                   65500                FFDC
CLEARDISPLAY              598                 256
CD_LOOP                   604                 25C
CHECK_RESET               624                 270
RET_CD                    628                 274
DISPLAYVOLUME             631                 277
SUB_FATOR                 651                 28B
PRINT_FATOR               665                 299
ISR                       694                 2B6
CHECK_TEC                 706                 2C2
CHECK_TIM                 726                 2D6
RETURN_ISR                746                 2EA
ISR_TEC                   759                 2F7
MAIS_1                    765                 2FD
MENOS_1                   781                 30D
MAIS_10                   797                 31D
MENOS_10                  813                 32D
MAIS_100                  829                 33D
MENOS_100                 845                 34D
SALVA_BUFFER              861                 35D
PONTE_ISR_TEC             871                 367
ATUALIZA_VOL              873                 369
VOLUME_MAX                885                 375
DISPLAY_VOL               899                 383
CLR_TEC                   903                 387
RET_ISR_TEC               907                 38B
ISR_TIM                   908                 38C
RET_ISR_TIM               932                 3A4
KBHIT                     933                 3A5
RETURN_KBHIT              943                 3AF
GETCHAR                   944                 3B0
PUTCHAR                   961                 3C1
BACKSPACE                 961                 3C1
CAR_RET                   981                 3D5
LINE_FEED                 995                 3E3
CHAR_BOUNDS              1015                 3F7
RET_PUTCHAR              1049                 419
PUTMSG                   1050                 41A
LOOP_MSG                 1056                 420
RET_PUTMSG               1072                 430
TIMER                    1077                 435
VOLUME                   1090                 442
_PULSE_TIME                10                   A
_RESET_CLEAR                0                   0
_PUTCHAR_CLEAR              1                   1
CURSOR                   1095                 447
TEC_BUFFER               1097                 449
VOLUME_AMP               1099                 44B
TAB_DEZ                  1101                 44D
TICK                     1107                 453
TICK_ENABLE              1109                 455
CALLBACK                 1111                 457
