Símbolo         Valor Decimal   Valor Hexadecimal
-------         -------------   -----------------
_KERNEL                     0                   0
_VETTAB                   256                 100
_RESET                    512                 200
_STACK                  30976                7900
_APP                    32768                8000
_IOAREA16               65408                FF80
_IOAREA08               65472                FFC0
IVET                    65470                FFBE
TIMDT                   65495                FFD7
INTS                    65496                FFD8
INTE                    65497                FFD9
TECST                   65498                FFDA
TECDT                   65499                FFDB
VISOR                   65500                FFDC
CLEARDISPLAY              594                 252
CD_LOOP                   600                 258
CHECK_RESET               620                 26C
RET_CD                    624                 270
DISPLAYVOLUME             627                 273
SUB_FATOR                 647                 287
PRINT_FATOR               661                 295
ISR                       690                 2B2
CHECK_TEC                 702                 2BE
CHECK_TIM                 722                 2D2
RETURN_ISR                742                 2E6
ISR_TEC                   755                 2F3
MAIS_1                    761                 2F9
MENOS_1                   777                 309
MAIS_10                   793                 319
MENOS_10                  809                 329
MAIS_100                  825                 339
MENOS_100                 841                 349
SALVA_BUFFER              857                 359
PONTE_ISR_TEC             867                 363
ATUALIZA_VOL              869                 365
VOLUME_MAX                881                 371
DISPLAY_VOL               895                 37F
CLR_TEC                   899                 383
RET_ISR_TEC               903                 387
ISR_TIM                   904                 388
KBHIT                     905                 389
RETURN_KBHIT              915                 393
GETCHAR                   916                 394
PUTCHAR                   933                 3A5
BACKSPACE                 933                 3A5
CAR_RET                   953                 3B9
LINE_FEED                 967                 3C7
CHAR_BOUNDS               987                 3DB
RET_PUTCHAR              1021                 3FD
PUTMSG                   1022                 3FE
LOOP_MSG                 1028                 404
RET_PUTMSG               1044                 414
TIMER                    1049                 419
VOLUME                   1050                 41A
_PULSE_TIME                10                   A
_RESET_CLEAR                0                   0
_PUTCHAR_CLEAR              1                   1
CURSOR                   1055                 41F
TEC_BUFFER               1057                 421
VOLUME_AMP               1059                 423
TAB_DEZ                  1061                 425
